# dn scan --counters
VALUE
    0
FindStart          ninputs:            1
FindStart          noutputs:           1
FindStatter        ninputs:            2
FindStatter        noutputs:           2
FindTraverser      ninputs:            2
FindTraverser      noutputs:           2
FindFeedback       nchrdevs:           1
FindFeedback       ninputs:            2
FindFeedback       noutputs:           1
Aggregator         noutputs:           1
Flattener          ninputs:            1
Flattener          noutputs:           1

# dn scan --points --counters
Aggregator         noutputs:           1
{"fields":{},"value":0}
FindFeedback       nchrdevs:           1
FindFeedback       ninputs:            2
FindFeedback       noutputs:           1
FindStart          ninputs:            1
FindStart          noutputs:           1
FindStatter        ninputs:            2
FindStatter        noutputs:           2
FindTraverser      ninputs:            2
FindTraverser      noutputs:           2

# dn scan -b timestamp

# dn scan --points -b timestamp

# dn scan -b timestamp[aggr=quantize]

# dn scan --points -b timestamp[aggr=quantize]

# dn scan -b timestamp[aggr=quantize],req.method

# dn scan --points -b timestamp[aggr=quantize],req.method

# dn scan -f { "eq": [ "audit", true ] } -b timestamp[aggr=quantize],req.method

# dn scan --points -f { "eq": [ "audit", true ] } -b timestamp[aggr=quantize],req.method

# dn scan --counters -f { "eq": [ "audit", true ] }
VALUE
    0
FindStart          ninputs:            1
FindStart          noutputs:           1
FindStatter        ninputs:            2
FindStatter        noutputs:           2
FindTraverser      ninputs:            2
FindTraverser      noutputs:           2
FindFeedback       nchrdevs:           1
FindFeedback       ninputs:            2
FindFeedback       noutputs:           1
Aggregator         noutputs:           1
Flattener          ninputs:            1
Flattener          noutputs:           1

# dn scan --points --counters -f { "eq": [ "audit", true ] }
Aggregator         noutputs:           1
{"fields":{},"value":0}
FindFeedback       nchrdevs:           1
FindFeedback       ninputs:            2
FindFeedback       noutputs:           1
FindStart          ninputs:            1
FindStart          noutputs:           1
FindStatter        ninputs:            2
FindStatter        noutputs:           2
FindTraverser      ninputs:            2
FindTraverser      noutputs:           2

# dn query --counters
VALUE
    0
FindStart          ninputs:            1
FindStart          noutputs:           1
FindStatter        ninputs:            2
FindStatter        noutputs:           2
FindTraverser      ninputs:            2
FindTraverser      noutputs:           2
FindFeedback       ninputs:            2
FindFeedback       noutputs:           1
FindFeedback       nregfiles:          1
Index List         ninputs:            1
Index List         noutputs:           1
Index Result Aggregator ninputs:            1
Index Result Aggregator noutputs:           1
Flattener          ninputs:            1
Flattener          noutputs:           1
# dn query --counters
VALUE
    0
FindStart          ninputs:            1
FindStart          noutputs:           1
FindStatter        ninputs:            2
FindStatter        noutputs:           2
FindTraverser      ninputs:            2
FindTraverser      noutputs:           2
FindFeedback       ninputs:            2
FindFeedback       noutputs:           1
FindFeedback       nregfiles:          1
Index List         ninputs:            1
Index List         noutputs:           1
Index Result Aggregator ninputs:            1
Index Result Aggregator noutputs:           1
Flattener          ninputs:            1
Flattener          noutputs:           1
# dn query -f { "eq": [ "req.method", "GET" ] }
VALUE
    0
# dn query -b req.method
# dn query -b latency
# dn query --counters -b latency
FindStart          ninputs:            1
FindStart          noutputs:           1
FindStatter        ninputs:            2
FindStatter        noutputs:           2
FindTraverser      ninputs:            2
FindTraverser      noutputs:           2
FindFeedback       ninputs:            2
FindFeedback       noutputs:           1
FindFeedback       nregfiles:          1
Flattener          noutputs:           1
