# dnl scan-file --data-format=json-skinner /dev/stdin
VALUE
  250
# dnl scan-file --data-format=json-skinner /dev/stdin
VALUE
  250
# dnl scan-file --data-format=json-skinner /dev/stdin
VALUE
  500
# dnl scan-file --data-format=json-skinner /dev/stdin
VALUE
  750
REQ.METHOD VALUE
DELETE        74
GET           54
HEAD          61
PUT           61
# dnl scan-file --data-format=json-skinner /dev/stdin
VALUE
  750
# dnl scan-file -b req.method --data-format=json-skinner /dev/stdin
REQ.METHOD VALUE
DELETE       222
GET          162
HEAD         183
PUT          183
building index
VALUE
  750
REQ.METHOD VALUE
DELETE       222
GET          162
HEAD         183
PUT          183
